Archive member included to satisfy reference by file (symbol)

c:/program files (x86)/atmel/studio/7.0/toolchain/avr8/avr8-gnu-toolchain/bin/../lib/gcc/avr/4.9.2/avrxmega6\libgcc.a(_udivmodhi4.o)
                              src/asf/xmega/drivers/usb/usb_device.o (__udivmodhi4)
c:/program files (x86)/atmel/studio/7.0/toolchain/avr8/avr8-gnu-toolchain/bin/../lib/gcc/avr/4.9.2/avrxmega6\libgcc.a(_divmodhi4.o)
                              src/main.o (__divmodhi4)
c:/program files (x86)/atmel/studio/7.0/toolchain/avr8/avr8-gnu-toolchain/bin/../lib/gcc/avr/4.9.2/avrxmega6\libgcc.a(_exit.o)
                              C:/Program Files (x86)/Atmel/Studio/7.0/Packs/atmel/XMEGAA_DFP/1.0.38/gcc/dev/atxmega256a3bu/avrxmega6/crtatxmega256a3bu.o (exit)
c:/program files (x86)/atmel/studio/7.0/toolchain/avr8/avr8-gnu-toolchain/bin/../lib/gcc/avr/4.9.2/avrxmega6\libgcc.a(_tablejump2.o)
                              src/asf/xmega/drivers/usb/usb_device.o (__tablejump2__)
c:/program files (x86)/atmel/studio/7.0/toolchain/avr8/avr8-gnu-toolchain/bin/../lib/gcc/avr/4.9.2/avrxmega6\libgcc.a(_copy_data.o)
                              src/asf/common/services/sleepmgr/xmega/sleepmgr.o (__do_copy_data)
c:/program files (x86)/atmel/studio/7.0/toolchain/avr8/avr8-gnu-toolchain/bin/../lib/gcc/avr/4.9.2/avrxmega6\libgcc.a(_clear_bss.o)
                              src/asf/common/services/sleepmgr/xmega/sleepmgr.o (__do_clear_bss)
c:/program files (x86)/atmel/studio/7.0/toolchain/avr8/avr8-gnu-toolchain/bin/../lib/gcc/avr/4.9.2/avrxmega6\libgcc.a(_umulhisi3.o)
                              src/main.o (__umulhisi3)
c:/program files (x86)/atmel/studio/7.0/toolchain/avr8/avr8-gnu-toolchain/bin/../lib/gcc/avr/4.9.2/../../../../avr/lib/avrxmega6\libc.a(memcpy.o)
                              src/asf/common/services/usb/class/cdc/device/udi_cdc.o (memcpy)
c:/program files (x86)/atmel/studio/7.0/toolchain/avr8/avr8-gnu-toolchain/bin/../lib/gcc/avr/4.9.2/../../../../avr/lib/avrxmega6\libc.a(fdevopen.o)
                              src/asf/common/utils/stdio/stdio_usb/stdio_usb.o (fdevopen)
c:/program files (x86)/atmel/studio/7.0/toolchain/avr8/avr8-gnu-toolchain/bin/../lib/gcc/avr/4.9.2/../../../../avr/lib/avrxmega6\libc.a(iob.o)
                              c:/program files (x86)/atmel/studio/7.0/toolchain/avr8/avr8-gnu-toolchain/bin/../lib/gcc/avr/4.9.2/../../../../avr/lib/avrxmega6\libc.a(fdevopen.o) (__iob)
c:/program files (x86)/atmel/studio/7.0/toolchain/avr8/avr8-gnu-toolchain/bin/../lib/gcc/avr/4.9.2/../../../../avr/lib/avrxmega6\libc.a(printf.o)
                              src/main.o (printf)
c:/program files (x86)/atmel/studio/7.0/toolchain/avr8/avr8-gnu-toolchain/bin/../lib/gcc/avr/4.9.2/../../../../avr/lib/avrxmega6\libc.a(scanf.o)
                              src/main.o (scanf)
c:/program files (x86)/atmel/studio/7.0/toolchain/avr8/avr8-gnu-toolchain/bin/../lib/gcc/avr/4.9.2/../../../../avr/lib/avrxmega6\libc.a(vfprintf_std.o)
                              c:/program files (x86)/atmel/studio/7.0/toolchain/avr8/avr8-gnu-toolchain/bin/../lib/gcc/avr/4.9.2/../../../../avr/lib/avrxmega6\libc.a(printf.o) (vfprintf)
c:/program files (x86)/atmel/studio/7.0/toolchain/avr8/avr8-gnu-toolchain/bin/../lib/gcc/avr/4.9.2/../../../../avr/lib/avrxmega6\libc.a(vfscanf_std.o)
                              c:/program files (x86)/atmel/studio/7.0/toolchain/avr8/avr8-gnu-toolchain/bin/../lib/gcc/avr/4.9.2/../../../../avr/lib/avrxmega6\libc.a(scanf.o) (vfscanf)
c:/program files (x86)/atmel/studio/7.0/toolchain/avr8/avr8-gnu-toolchain/bin/../lib/gcc/avr/4.9.2/../../../../avr/lib/avrxmega6\libc.a(calloc.o)
                              c:/program files (x86)/atmel/studio/7.0/toolchain/avr8/avr8-gnu-toolchain/bin/../lib/gcc/avr/4.9.2/../../../../avr/lib/avrxmega6\libc.a(fdevopen.o) (calloc)
c:/program files (x86)/atmel/studio/7.0/toolchain/avr8/avr8-gnu-toolchain/bin/../lib/gcc/avr/4.9.2/../../../../avr/lib/avrxmega6\libc.a(malloc.o)
                              c:/program files (x86)/atmel/studio/7.0/toolchain/avr8/avr8-gnu-toolchain/bin/../lib/gcc/avr/4.9.2/../../../../avr/lib/avrxmega6\libc.a(calloc.o) (malloc)
c:/program files (x86)/atmel/studio/7.0/toolchain/avr8/avr8-gnu-toolchain/bin/../lib/gcc/avr/4.9.2/../../../../avr/lib/avrxmega6\libc.a(isspace.o)
                              c:/program files (x86)/atmel/studio/7.0/toolchain/avr8/avr8-gnu-toolchain/bin/../lib/gcc/avr/4.9.2/../../../../avr/lib/avrxmega6\libc.a(vfscanf_std.o) (isspace)
c:/program files (x86)/atmel/studio/7.0/toolchain/avr8/avr8-gnu-toolchain/bin/../lib/gcc/avr/4.9.2/../../../../avr/lib/avrxmega6\libc.a(strchr_P.o)
                              c:/program files (x86)/atmel/studio/7.0/toolchain/avr8/avr8-gnu-toolchain/bin/../lib/gcc/avr/4.9.2/../../../../avr/lib/avrxmega6\libc.a(vfscanf_std.o) (strchr_P)
c:/program files (x86)/atmel/studio/7.0/toolchain/avr8/avr8-gnu-toolchain/bin/../lib/gcc/avr/4.9.2/../../../../avr/lib/avrxmega6\libc.a(strnlen_P.o)
[...]
Memory Configuration

Name             Origin             Length             Attributes
text             0x00000000         0x00100000         xr
data             0x00802000         0x0000ffa0         rw !x
eeprom           0x00810000         0x00010000         rw !x
fuse             0x00820000         0x00000400         rw !x
lock             0x00830000         0x00000400         rw !x
signature        0x00840000         0x00000400         rw !x
user_signatures  0x00850000         0x00000400         rw !x
*default*        0x00000000         0xffffffff

Linker script and memory map

LOAD C:/Program Files (x86)/Atmel/Studio/7.0/Packs/atmel/XMEGAA_DFP/1.0.38/gcc/dev/atxmega256a3bu/avrxmega6/crtatxmega256a3bu.o
LOAD src/asf/common/services/clock/xmega/sysclk.o
LOAD src/asf/common/services/ioport/xmega/ioport_compat.o
LOAD src/asf/common/services/sleepmgr/xmega/sleepmgr.o
LOAD src/asf/common/services/usb/class/cdc/device/udi_cdc.o
LOAD src/asf/common/services/usb/class/cdc/device/udi_cdc_desc.o
LOAD src/asf/common/services/usb/udc/udc.o
LOAD src/asf/common/utils/stdio/read.o
LOAD src/asf/common/utils/stdio/stdio_usb/stdio_usb.o
LOAD src/asf/common/utils/stdio/write.o
LOAD src/asf/xmega/boards/xmega_a3bu_xplained/init.o
LOAD src/asf/xmega/drivers/cpu/ccp.o
LOAD src/asf/xmega/drivers/nvm/nvm.o
LOAD src/asf/xmega/drivers/nvm/nvm_asm.o
LOAD src/asf/xmega/drivers/tc/tc.o
LOAD src/asf/xmega/drivers/usb/usb_device.o
LOAD src/asf/xmega/drivers/wdt/wdt.o
LOAD src/main.o
START GROUP
LOAD c:/program files (x86)/atmel/studio/7.0/toolchain/avr8/avr8-gnu-toolchain/bin/../lib/gcc/avr/4.9.2/../../../../avr/lib/avrxmega6\libm.a
END GROUP
Address of section .BOOT set to 0x40000
START GROUP
LOAD c:/program files (x86)/atmel/studio/7.0/toolchain/avr8/avr8-gnu-toolchain/bin/../lib/gcc/avr/4.9.2/avrxmega6\libgcc.a
LOAD c:/program files (x86)/atmel/studio/7.0/toolchain/avr8/avr8-gnu-toolchain/bin/../lib/gcc/avr/4.9.2/../../../../avr/lib/avrxmega6\libm.a
LOAD c:/program files (x86)/atmel/studio/7.0/toolchain/avr8/avr8-gnu-toolchain/bin/../lib/gcc/avr/4.9.2/../../../../avr/lib/avrxmega6\libc.a
LOAD C:/Program Files (x86)/Atmel/Studio/7.0/Packs/atmel/XMEGAA_DFP/1.0.38/gcc/dev/atxmega256a3bu/avrxmega6\libatxmega256a3bu.a
END GROUP

.hash
 *(.hash)

.dynsym
 *(.dynsym)

.dynstr
 *(.dynstr)

.gnu.version
 *(.gnu.version)

.gnu.version_d
 *(.gnu.version_d)

.gnu.version_r
 *(.gnu.version_r)

.rel.init
 *(.rel.init)

.rela.init
 *(.rela.init)

.rel.text
 *(.rel.text)
 *(.rel.text.*)
 *(.rel.gnu.linkonce.t*)

.rela.text
 *(.rela.text)
 *(.rela.text.*)
 *(.rela.gnu.linkonce.t*)

.rel.fini
 *(.rel.fini)

.rela.fini
 *(.rela.fini)

.rel.rodata
 *(.rel.rodata)
 *(.rel.rodata.*)
 *(.rel.gnu.linkonce.r*)

.rela.rodata
 *(.rela.rodata)
 *(.rela.rodata.*)
 *(.rela.gnu.linkonce.r*)

.rel.data
 *(.rel.data)
 *(.rel.data.*)
 *(.rel.gnu.linkonce.d*)

.rela.data
 *(.rela.data)
 *(.rela.data.*)
 *(.rela.gnu.linkonce.d*)

.rel.ctors
 *(.rel.ctors)

.rela.ctors
 *(.rela.ctors)

.rel.dtors
 *(.rel.dtors)

.rela.dtors
 *(.rela.dtors)

.rel.got
 *(.rel.got)

.rela.got
 *(.rela.got)

.rel.bss
 *(.rel.bss)

.rela.bss
 *(.rela.bss)

.rel.plt
 *(.rel.plt)

.rela.plt
 *(.rela.plt)

.text           0x00000000     0x4404
 *(.vectors)
 .vectors       0x00000000      0x1fc C:/Program Files (x86)/Atmel/Studio/7.0/Packs/atmel/XMEGAA_DFP/1.0.38/gcc/dev/atxmega256a3bu/avrxmega6/crtatxmega256a3bu.o
                0x00000000                __vector_default
                0x00000000                __vectors
 *(.vectors)
 *(.progmem.gcc*)
 .progmem.gcc_sw_table.udd_ep_get_size
                0x000001fc        0xe src/asf/xmega/drivers/usb/usb_device.o
                0x0000020a                . = ALIGN (0x2)
                0x0000020a                __trampolines_start = .
 *(.trampolines)
 .trampolines   0x0000020a        0x0 linker stubs
 *(.trampolines*)
                0x0000020a                __trampolines_end = .
 *(.progmem*)
 .progmem.data  0x0000020a        0xc c:/program files (x86)/atmel/studio/7.0/toolchain/avr8/avr8-gnu-toolchain/bin/../lib/gcc/avr/4.9.2/../../../../avr/lib/avrxmega6\libc.a(vfscanf_std.o)
                0x00000216                . = ALIGN (0x2)
 *(.jumptables)
 *(.jumptables*)
 *(.lowtext)
 *(.lowtext*)
                0x00000216                __ctors_start = .
 *(.ctors)
                0x00000216                __ctors_end = .
                0x00000216                __dtors_start = .
 *(.dtors)
                0x00000216                __dtors_end = .
 SORT(*)(.ctors)
 SORT(*)(.dtors)
 *(.init0)
 .init0         0x00000216        0x0 C:/Program Files (x86)/Atmel/Studio/7.0/Packs/atmel/XMEGAA_DFP/1.0.38/gcc/dev/atxmega256a3bu/avrxmega6/crtatxmega256a3bu.o
                0x00000216                __init
 *(.init0)
 *(.init1)
 *(.init1)
 *(.init2)
 .init2         0x00000216       0x10 C:/Program Files (x86)/Atmel/Studio/7.0/Packs/atmel/XMEGAA_DFP/1.0.38/gcc/dev/atxmega256a3bu/avrxmega6/crtatxmega256a3bu.o
 *(.init2)
 *(.init3)
 *(.init3)
 *(.init4)
 .init4         0x00000226       0x1a c:/program files (x86)/atmel/studio/7.0/toolchain/avr8/avr8-gnu-toolchain/bin/../lib/gcc/avr/4.9.2/avrxmega6\libgcc.a(_copy_data.o)
                0x00000226                __do_copy_data
 .init4         0x00000240       0x10 c:/program files (x86)/atmel/studio/7.0/toolchain/avr8/avr8-gnu-toolchain/bin/../lib/gcc/avr/4.9.2/avrxmega6\libgcc.a(_clear_bss.o)
                0x00000240                __do_clear_bss
 *(.init4)
 *(.init5)
 *(.init5)
 *(.init6)
 *(.init6)
 *(.init7)
 *(.init7)
 *(.init8)
 *(.init8)
 *(.init9)
 .init9         0x00000250        0x8 C:/Program Files (x86)/Atmel/Studio/7.0/Packs/atmel/XMEGAA_DFP/1.0.38/gcc/dev/atxmega256a3bu/avrxmega6/crtatxmega256a3bu.o
 *(.init9)
 *(.text)
 .text          0x00000258        0x2 C:/Program Files (x86)/Atmel/Studio/7.0/Packs/atmel/XMEGAA_DFP/1.0.38/gcc/dev/atxmega256a3bu/avrxmega6/crtatxmega256a3bu.o
                0x00000258                __vector_38
                0x00000258                __vector_104
                0x00000258                __vector_63
                0x00000258                __vector_28
                0x00000258                __vector_67
                0x00000258                __vector_1
                0x00000258                __vector_119
                0x00000258                __vector_32
                0x00000258                __vector_75
                0x00000258                __vector_71
                0x00000258                __vector_91
                0x00000258                __vector_34
                0x00000258                __vector_62
                0x00000258                __vector_102
                0x00000258                __vector_24
                0x00000258                __vector_12
                0x00000258                __vector_69
                0x00000258                __vector_90
                0x00000258                __vector_46
                0x00000258                __bad_interrupt
                0x00000258                __vector_122
                0x00000258                __vector_72
                0x00000258                __vector_114
                0x00000258                __vector_6
                0x00000258                __vector_31
                0x00000258                __vector_92
                0x00000258                __vector_35
                0x00000258                __vector_74
                0x00000258                __vector_117
                0x00000258                __vector_39
                0x00000258                __vector_107
                0x00000258                __vector_3
                0x00000258                __vector_105
                0x00000258                __vector_98
                0x00000258                __vector_68
                0x00000258                __vector_30
                0x00000258                __vector_73
                0x00000258                __vector_45
                0x00000258                __vector_25
                0x00000258                __vector_93
                0x00000258                __vector_61
                0x00000258                __vector_11
                0x00000258                __vector_99
                0x00000258                __vector_13
                0x00000258                __vector_7
                0x00000258                __vector_123
                0x00000258                __vector_41
                0x00000258                __vector_100
                0x00000258                __vector_101
                0x00000258                __vector_64
                0x00000258                __vector_88
                0x00000258                __vector_43
                0x00000258                __vector_27
                0x00000258                __vector_5
                0x00000258                __vector_33
                0x00000258                __vector_76
                0x00000258                __vector_115
                0x00000258                __vector_37
                0x00000258                __vector_95
                0x00000258                __vector_103
                0x00000258                __vector_96
                0x00000258                __vector_89
                0x00000258                __vector_4
                0x00000258                __vector_44
                0x00000258                __vector_106
                0x00000258                __vector_118
                0x00000258                __vector_9
                0x00000258                __vector_2
                0x00000258                __vector_66
                0x00000258                __vector_36
                0x00000258                __vector_58
                0x00000258                __vector_70
                0x00000258                __vector_29
                0x00000258                __vector_60
                0x00000258                __vector_121
                0x00000258                __vector_40
                0x00000258                __vector_94
                0x00000258                __vector_8
                0x00000258                __vector_26
                0x00000258                __vector_124
                0x00000258                __vector_116
                0x00000258                __vector_57
                0x00000258                __vector_10
                0x00000258                __vector_59
                0x00000258                __vector_97
                0x00000258                __vector_42
                0x00000258                __vector_87
                0x00000258                __vector_65
                0x00000258                __vector_120
                0x0000025a                . = ALIGN (0x2)
 *(.text.*)
 .text.sysclk_init
                0x0000025a       0xc2 src/asf/common/services/clock/xmega/sysclk.o
                0x0000025a                sysclk_init
 .text.sysclk_enable_module
                0x0000031c       0x18 src/asf/common/services/clock/xmega/sysclk.o
                0x0000031c                sysclk_enable_module
 .text.sysclk_enable_usb
                0x00000334       0x6e src/asf/common/services/clock/xmega/sysclk.o
                0x00000334                sysclk_enable_usb
 .text.ioport_configure_port_pin
                0x000003a2       0x50 src/asf/common/services/ioport/xmega/ioport_compat.o
                0x000003a2                ioport_configure_port_pin
 .text.udi_cdc_comm_disable
                0x000003f2        0xc src/asf/common/services/usb/class/cdc/device/udi_cdc.o
                0x000003f2                udi_cdc_comm_disable
 .text.udi_cdc_data_setup
                0x000003fe        0x4 src/asf/common/services/usb/class/cdc/device/udi_cdc.o
                0x000003fe                udi_cdc_data_setup
 .text.udi_cdc_getsetting
                0x00000402        0x4 src/asf/common/services/usb/class/cdc/device/udi_cdc.o
                0x00000402                udi_cdc_getsetting
 .text.udi_cdc_comm_setup
                0x00000406       0x94 src/asf/common/services/usb/class/cdc/device/udi_cdc.o
                0x00000406                udi_cdc_comm_setup
 .text.udi_cdc_line_coding_received
                0x0000049a        0x2 src/asf/common/services/usb/class/cdc/device/udi_cdc.o
 .text.udi_cdc_comm_enable
                0x0000049c       0x5a src/asf/common/services/usb/class/cdc/device/udi_cdc.o
                0x0000049c                udi_cdc_comm_enable
 .text.udi_cdc_tx_send
                0x000004f6       0xf6 src/asf/common/services/usb/class/cdc/device/udi_cdc.o
 .text.udi_cdc_data_sent
                0x000005ec       0x30 src/asf/common/services/usb/class/cdc/device/udi_cdc.o
 .text.udi_cdc_data_sof_notify
                0x0000061c        0x6 src/asf/common/services/usb/class/cdc/device/udi_cdc.o
                0x0000061c                udi_cdc_data_sof_notify
 .text.udi_cdc_data_disable
                0x00000622       0x16 src/asf/common/services/usb/class/cdc/device/udi_cdc.o
                0x00000622                udi_cdc_data_disable
 .text.udi_cdc_multi_is_rx_ready
                0x00000638       0x2c src/asf/common/services/usb/class/cdc/device/udi_cdc.o
                0x00000638                udi_cdc_multi_is_rx_ready
 .text.udi_cdc_rx_start
                0x00000664       0x8c src/asf/common/services/usb/class/cdc/device/udi_cdc.o
 .text.udi_cdc_data_enable
                0x000006f0       0x60 src/asf/common/services/usb/class/cdc/device/udi_cdc.o
                0x000006f0                udi_cdc_data_enable
 .text.udi_cdc_data_received
                0x00000750       0x5a src/asf/common/services/usb/class/cdc/device/udi_cdc.o
 .text.udi_cdc_multi_getc
                0x000007aa       0x9a src/asf/common/services/usb/class/cdc/device/udi_cdc.o
                0x000007aa                udi_cdc_multi_getc
 .text.udi_cdc_getc
                0x00000844        0x6 src/asf/common/services/usb/class/cdc/device/udi_cdc.o
                0x00000844                udi_cdc_getc
 .text.udi_cdc_multi_is_tx_ready
                0x0000084a       0x62 src/asf/common/services/usb/class/cdc/device/udi_cdc.o
                0x0000084a                udi_cdc_multi_is_tx_ready
 .text.udi_cdc_multi_putc
                0x000008ac       0x90 src/asf/common/services/usb/class/cdc/device/udi_cdc.o
                0x000008ac                udi_cdc_multi_putc
 .text.udi_cdc_putc
                0x0000093c        0x8 src/asf/common/services/usb/class/cdc/device/udi_cdc.o
                0x0000093c                udi_cdc_putc
 .text.udc_next_desc_in_iface
                0x00000944       0x64 src/asf/common/services/usb/udc/udc.o
 .text.udc_valid_address
                0x000009a8        0xc src/asf/common/services/usb/udc/udc.o
 .text.udc_update_iface_desc
                0x000009b4       0x74 src/asf/common/services/usb/udc/udc.o
 .text.udc_iface_disable
                0x00000a28       0x84 src/asf/common/services/usb/udc/udc.o
 .text.udc_iface_enable
                0x00000aac       0x66 src/asf/common/services/usb/udc/udc.o
 .text.udc_start
                0x00000b12        0x6 src/asf/common/services/usb/udc/udc.o
                0x00000b12                udc_start
 .text.udc_reset
                0x00000b18       0x4e src/asf/common/services/usb/udc/udc.o
                0x00000b18                udc_reset
 .text.udc_sof_notify
                0x00000b66       0x60 src/asf/common/services/usb/udc/udc.o
                0x00000b66                udc_sof_notify
 .text.udc_process_setup
                0x00000bc6      0x47c src/asf/common/services/usb/udc/udc.o
                0x00000bc6                udc_process_setup
 .text._read    0x00001042       0x32 src/asf/common/utils/stdio/read.o
                0x00001042                _read
 .text.stdio_usb_putchar
                0x00001074       0x2e src/asf/common/utils/stdio/stdio_usb/stdio_usb.o
                0x00001074                stdio_usb_putchar
 .text.stdio_usb_getchar
                0x000010a2       0x1e src/asf/common/utils/stdio/stdio_usb/stdio_usb.o
                0x000010a2                stdio_usb_getchar
 .text.stdio_usb_enable
                0x000010c0        0x8 src/asf/common/utils/stdio/stdio_usb/stdio_usb.o
                0x000010c0                stdio_usb_enable
 .text.stdio_usb_disable
                0x000010c8        0x6 src/asf/common/utils/stdio/stdio_usb/stdio_usb.o
                0x000010c8                stdio_usb_disable
 .text.stdio_usb_init
                0x000010ce       0x3c src/asf/common/utils/stdio/stdio_usb/stdio_usb.o
                0x000010ce                stdio_usb_init
 .text._write   0x0000110a       0x24 src/asf/common/utils/stdio/write.o
                0x0000110a                _write
 .text.board_init
                0x0000112e      0x13a src/asf/xmega/boards/xmega_a3bu_xplained/init.o
                0x0000112e                board_init
 .text.ccp_write_io
                0x00001268        0xc src/asf/xmega/drivers/cpu/ccp.o
                0x00001268                ccp_write_io
 .text.nvm_read_byte
                0x00001274       0x14 src/asf/xmega/drivers/nvm/nvm_asm.o
                0x00001274                nvm_read_byte
 .text.__vector_14
                0x00001288       0x5a src/asf/xmega/drivers/tc/tc.o
                0x00001288                __vector_14
 .text.__vector_15
                0x000012e2       0x5a src/asf/xmega/drivers/tc/tc.o
                0x000012e2                __vector_15
 .text.__vector_16
                0x0000133c       0x5a src/asf/xmega/drivers/tc/tc.o
                0x0000133c                __vector_16
 .text.__vector_17
                0x00001396       0x5a src/asf/xmega/drivers/tc/tc.o
                0x00001396                __vector_17
 .text.__vector_18
                0x000013f0       0x5a src/asf/xmega/drivers/tc/tc.o
                0x000013f0                __vector_18
 .text.__vector_19
                0x0000144a       0x5a src/asf/xmega/drivers/tc/tc.o
                0x0000144a                __vector_19
 .text.__vector_20
                0x000014a4       0x5a src/asf/xmega/drivers/tc/tc.o
                0x000014a4                __vector_20
 .text.__vector_21
                0x000014fe       0x5a src/asf/xmega/drivers/tc/tc.o
                0x000014fe                __vector_21
 .text.__vector_22
                0x00001558       0x5a src/asf/xmega/drivers/tc/tc.o
                0x00001558                __vector_22
 .text.__vector_23
                0x000015b2       0x5a src/asf/xmega/drivers/tc/tc.o
                0x000015b2                __vector_23
 .text.__vector_77
                0x0000160c       0x5a src/asf/xmega/drivers/tc/tc.o
                0x0000160c                __vector_77
 .text.__vector_78
                0x00001666       0x5a src/asf/xmega/drivers/tc/tc.o
                0x00001666                __vector_78
 .text.__vector_79
                0x000016c0       0x5a src/asf/xmega/drivers/tc/tc.o
                0x000016c0                __vector_79
 .text.__vector_80
                0x0000171a       0x5a src/asf/xmega/drivers/tc/tc.o
                0x0000171a                __vector_80
 .text.__vector_81
                0x00001774       0x5a src/asf/xmega/drivers/tc/tc.o
                0x00001774                __vector_81
 .text.__vector_82
                0x000017ce       0x5a src/asf/xmega/drivers/tc/tc.o
                0x000017ce                __vector_82
 .text.__vector_83
                0x00001828       0x5a src/asf/xmega/drivers/tc/tc.o
                0x00001828                __vector_83
 .text.__vector_84
                0x00001882       0x5a src/asf/xmega/drivers/tc/tc.o
                0x00001882                __vector_84
 .text.__vector_85
                0x000018dc       0x5a src/asf/xmega/drivers/tc/tc.o
                0x000018dc                __vector_85
 .text.__vector_86
                0x00001936       0x5a src/asf/xmega/drivers/tc/tc.o
                0x00001936                __vector_86
 .text.__vector_47
                0x00001990       0x5a src/asf/xmega/drivers/tc/tc.o
                0x00001990                __vector_47
 .text.__vector_48
                0x000019ea       0x5a src/asf/xmega/drivers/tc/tc.o
                0x000019ea                __vector_48
 .text.__vector_49
                0x00001a44       0x5a src/asf/xmega/drivers/tc/tc.o
                0x00001a44                __vector_49
 .text.__vector_50
                0x00001a9e       0x5a src/asf/xmega/drivers/tc/tc.o
                0x00001a9e                __vector_50
 .text.__vector_51
                0x00001af8       0x5a src/asf/xmega/drivers/tc/tc.o
                0x00001af8                __vector_51
 .text.__vector_52
                0x00001b52       0x5a src/asf/xmega/drivers/tc/tc.o
                0x00001b52                __vector_52
 .text.__vector_53
                0x00001bac       0x5a src/asf/xmega/drivers/tc/tc.o
                0x00001bac                __vector_53
 .text.__vector_54
                0x00001c06       0x5a src/asf/xmega/drivers/tc/tc.o
                0x00001c06                __vector_54
 .text.__vector_55
                0x00001c60       0x5a src/asf/xmega/drivers/tc/tc.o
                0x00001c60                __vector_55
 .text.__vector_56
                0x00001cba       0x5a src/asf/xmega/drivers/tc/tc.o
                0x00001cba                __vector_56
 .text.__vector_108
                0x00001d14       0x5a src/asf/xmega/drivers/tc/tc.o
                0x00001d14                __vector_108
 .text.__vector_109
                0x00001d6e       0x5a src/asf/xmega/drivers/tc/tc.o
                0x00001d6e                __vector_109
 .text.__vector_110
                0x00001dc8       0x5a src/asf/xmega/drivers/tc/tc.o
                0x00001dc8                __vector_110
 .text.__vector_111
                0x00001e22       0x5a src/asf/xmega/drivers/tc/tc.o
                0x00001e22                __vector_111
 .text.__vector_112
                0x00001e7c       0x5a src/asf/xmega/drivers/tc/tc.o
                0x00001e7c                __vector_112
 .text.__vector_113
                0x00001ed6       0x5a src/asf/xmega/drivers/tc/tc.o
                0x00001ed6                __vector_113
 .text.tc_enable
                0x00001f30       0xd8 src/asf/xmega/drivers/tc/tc.o
                0x00001f30                tc_enable
 .text.tc_set_overflow_interrupt_callback
                0x00002008       0x7c src/asf/xmega/drivers/tc/tc.o
                0x00002008                tc_set_overflow_interrupt_callback
 .text.udd_sleep_mode
                0x00002084       0x3e src/asf/xmega/drivers/usb/usb_device.o
 .text.udd_ctrl_init
                0x000020c2       0x4e src/asf/xmega/drivers/usb/usb_device.o
 .text.udd_ctrl_stall_data
                0x00002110       0x1c src/asf/xmega/drivers/usb/usb_device.o
 .text.udd_ctrl_send_zlp_in
                0x0000212c       0x1c src/asf/xmega/drivers/usb/usb_device.o
 .text.udd_ctrl_endofrequest
                0x00002148       0x10 src/asf/xmega/drivers/usb/usb_device.o
 .text.udd_ctrl_in_sent
                0x00002158       0xd8 src/asf/xmega/drivers/usb/usb_device.o
 .text.udd_ep_get_size
                0x00002230       0x52 src/asf/xmega/drivers/usb/usb_device.o
 .text.udd_ep_get_job
                0x00002282       0x36 src/asf/xmega/drivers/usb/usb_device.o
 .text.udd_ctrl_interrupt_tc_setup
                0x000022b8       0xe0 src/asf/xmega/drivers/usb/usb_device.o
 .text.udd_ep_trans_complet
                0x00002398      0x2fe src/asf/xmega/drivers/usb/usb_device.o
 .text.udd_enable
                0x00002696       0xde src/asf/xmega/drivers/usb/usb_device.o
                0x00002696                udd_enable
 .text.udd_include_vbus_monitoring
                0x00002774        0x4 src/asf/xmega/drivers/usb/usb_device.o
                0x00002774                udd_include_vbus_monitoring
 .text.udd_attach
                0x00002778       0x46 src/asf/xmega/drivers/usb/usb_device.o
                0x00002778                udd_attach
 .text.udd_is_high_speed
                0x000027be        0x4 src/asf/xmega/drivers/usb/usb_device.o
                0x000027be                udd_is_high_speed
 .text.udd_set_address
                0x000027c2        0x6 src/asf/xmega/drivers/usb/usb_device.o
                0x000027c2                udd_set_address
 .text.udd_getaddress
                0x000027c8        0x6 src/asf/xmega/drivers/usb/usb_device.o
                0x000027c8                udd_getaddress
 .text.udd_get_frame_number
                0x000027ce        0xa src/asf/xmega/drivers/usb/usb_device.o
                0x000027ce                udd_get_frame_number
 .text.udd_get_micro_frame_number
                0x000027d8        0x6 src/asf/xmega/drivers/usb/usb_device.o
                0x000027d8                udd_get_micro_frame_number
 .text.udd_set_setup_payload
                0x000027de        0xe src/asf/xmega/drivers/usb/usb_device.o
                0x000027de                udd_set_setup_payload
 .text.udd_ep_alloc
                0x000027ec       0xfc src/asf/xmega/drivers/usb/usb_device.o
                0x000027ec                udd_ep_alloc
 .text.udd_ep_is_halted
                0x000028e8       0x36 src/asf/xmega/drivers/usb/usb_device.o
                0x000028e8                udd_ep_is_halted
 .text.udd_ep_clear_halt
                0x0000291e       0x6a src/asf/xmega/drivers/usb/usb_device.o
                0x0000291e                udd_ep_clear_halt
 .text.udd_ep_run
                0x00002988      0x174 src/asf/xmega/drivers/usb/usb_device.o
                0x00002988                udd_ep_run
 .text.udd_ep_abort
                0x00002afc       0x92 src/asf/xmega/drivers/usb/usb_device.o
                0x00002afc                udd_ep_abort
 .text.udd_ep_free
                0x00002b8e       0x38 src/asf/xmega/drivers/usb/usb_device.o
                0x00002b8e                udd_ep_free
 .text.udd_ep_set_halt
                0x00002bc6       0x4e src/asf/xmega/drivers/usb/usb_device.o
                0x00002bc6                udd_ep_set_halt
 .text.__vector_125
                0x00002c14      0x168 src/asf/xmega/drivers/usb/usb_device.o
                0x00002c14                __vector_125
 .text.__vector_126
                0x00002d7c      0x1ec src/asf/xmega/drivers/usb/usb_device.o
                0x00002d7c                __vector_126
 .text.init_pwm_motor_driver
                0x00002f68       0x44 src/main.o
                0x00002f68                init_pwm_motor_driver
 .text.calculate_left_wheel_speed
                0x00002fac       0x2a src/main.o
                0x00002fac                calculate_left_wheel_speed
 .text.calculate_right_wheel_speed
                0x00002fd6       0x2a src/main.o
                0x00002fd6                calculate_right_wheel_speed
 .text.speedToMotorSetting
                0x00003000       0x6a src/main.o
                0x00003000                speedToMotorSetting
 .text.left_set_wheel_speed
                0x0000306a       0x74 src/main.o
                0x0000306a                left_set_wheel_speed
 .text.right_set_wheel_speed
                0x000030de       0x74 src/main.o
                0x000030de                right_set_wheel_speed
 .text.charToMotorSetting
                0x00003152       0x2e src/main.o
                0x00003152                charToMotorSetting
 .text.setSpeed
                0x00003180       0x32 src/main.o
                0x00003180                setSpeed
 .text.ovf_interrupt_callback
                0x000031b2       0xac src/main.o
 .text.main     0x0000325e      0x214 src/main.o
                0x0000325e                main
 .text.libgcc.div
                0x00003472       0x28 c:/program files (x86)/atmel/studio/7.0/toolchain/avr8/avr8-gnu-toolchain/bin/../lib/gcc/avr/4.9.2/avrxmega6\libgcc.a(_udivmodhi4.o)
                0x00003472                __udivmodhi4
 .text.libgcc.div
                0x0000349a       0x26 c:/program files (x86)/atmel/studio/7.0/toolchain/avr8/avr8-gnu-toolchain/bin/../lib/gcc/avr/4.9.2/avrxmega6\libgcc.a(_divmodhi4.o)
                0x0000349a                _div
                0x0000349a                __divmodhi4
 .text.libgcc   0x000034c0       0x10 c:/program files (x86)/atmel/studio/7.0/toolchain/avr8/avr8-gnu-toolchain/bin/../lib/gcc/avr/4.9.2/avrxmega6\libgcc.a(_tablejump2.o)
                0x000034c0                __tablejump2__
 .text.libgcc.mul
                0x000034d0       0x1e c:/program files (x86)/atmel/studio/7.0/toolchain/avr8/avr8-gnu-toolchain/bin/../lib/gcc/avr/4.9.2/avrxmega6\libgcc.a(_umulhisi3.o)
                0x000034d0                __umulhisi3
 .text.avr-libc
                0x000034ee       0x12 c:/program files (x86)/atmel/studio/7.0/toolchain/avr8/avr8-gnu-toolchain/bin/../lib/gcc/avr/4.9.2/../../../../avr/lib/avrxmega6\libc.a(memcpy.o)
                0x000034ee                memcpy
 .text.avr-libc
                0x00003500       0x94 c:/program files (x86)/atmel/studio/7.0/toolchain/avr8/avr8-gnu-toolchain/bin/../lib/gcc/avr/4.9.2/../../../../avr/lib/avrxmega6\libc.a(fdevopen.o)
                0x00003500                fdevopen
 .text.avr-libc
                0x00003594       0x26 c:/program files (x86)/atmel/studio/7.0/toolchain/avr8/avr8-gnu-toolchain/bin/../lib/gcc/avr/4.9.2/../../../../avr/lib/avrxmega6\libc.a(printf.o)
                0x00003594                printf
 .text.avr-libc
                0x000035ba       0x26 c:/program files (x86)/atmel/studio/7.0/toolchain/avr8/avr8-gnu-toolchain/bin/../lib/gcc/avr/4.9.2/../../../../avr/lib/avrxmega6\libc.a(scanf.o)
                0x000035ba                scanf
 .text.avr-libc
                0x000035e0      0x3d0 c:/program files (x86)/atmel/studio/7.0/toolchain/avr8/avr8-gnu-toolchain/bin/../lib/gcc/avr/4.9.2/../../../../avr/lib/avrxmega6\libc.a(vfprintf_std.o)
                0x000035e0                vfprintf
 .text.avr-libc
                0x000039b0      0x582 c:/program files (x86)/atmel/studio/7.0/toolchain/avr8/avr8-gnu-toolchain/bin/../lib/gcc/avr/4.9.2/../../../../avr/lib/avrxmega6\libc.a(vfscanf_std.o)
                0x00003cf2                vfscanf
 .text.avr-libc
                0x00003f32       0x34 c:/program files (x86)/atmel/studio/7.0/toolchain/avr8/avr8-gnu-toolchain/bin/../lib/gcc/avr/4.9.2/../../../../avr/lib/avrxmega6\libc.a(calloc.o)
                0x00003f32                calloc
 .text.avr-libc
                0x00003f66      0x25a c:/program files (x86)/atmel/studio/7.0/toolchain/avr8/avr8-gnu-toolchain/bin/../lib/gcc/avr/4.9.2/../../../../avr/lib/avrxmega6\libc.a(malloc.o)
                0x00003f66                malloc
                0x00004090                free
 .text.avr-libc
                0x000041c0       0x10 c:/program files (x86)/atmel/studio/7.0/toolchain/avr8/avr8-gnu-toolchain/bin/../lib/gcc/avr/4.9.2/../../../../avr/lib/avrxmega6\libc.a(isspace.o)
                0x000041c0                isspace
 .text.avr-libc
                0x000041d0       0x16 c:/program files (x86)/atmel/studio/7.0/toolchain/avr8/avr8-gnu-toolchain/bin/../lib/gcc/avr/4.9.2/../../../../avr/lib/avrxmega6\libc.a(strchr_P.o)
                0x000041d0                strchr_P
 .text.avr-libc
                0x000041e6       0x16 c:/program files (x86)/atmel/studio/7.0/toolchain/avr8/avr8-gnu-toolchain/bin/../lib/gcc/avr/4.9.2/../../../../avr/lib/avrxmega6\libc.a(strnlen_P.o)
                0x000041e6                strnlen_P
 .text.avr-libc
                0x000041fc        0xe c:/program files (x86)/atmel/studio/7.0/toolchain/avr8/avr8-gnu-toolchain/bin/../lib/gcc/avr/4.9.2/../../../../avr/lib/avrxmega6\libc.a(memset.o)
                0x000041fc                memset
 .text.avr-libc
                0x0000420a       0x16 c:/program files (x86)/atmel/studio/7.0/toolchain/avr8/avr8-gnu-toolchain/bin/../lib/gcc/avr/4.9.2/../../../../avr/lib/avrxmega6\libc.a(strnlen.o)
                0x0000420a                strnlen
 .text.avr-libc
                0x00004220       0x7c c:/program files (x86)/atmel/studio/7.0/toolchain/avr8/avr8-gnu-toolchain/bin/../lib/gcc/avr/4.9.2/../../../../avr/lib/avrxmega6\libc.a(fgetc.o)
                0x00004220                fgetc
 .text.avr-libc
                0x0000429c       0x70 c:/program files (x86)/atmel/studio/7.0/toolchain/avr8/avr8-gnu-toolchain/bin/../lib/gcc/avr/4.9.2/../../../../avr/lib/avrxmega6\libc.a(fputc.o)
                0x0000429c                fputc
 .text.avr-libc
                0x0000430c       0x32 c:/program files (x86)/atmel/studio/7.0/toolchain/avr8/avr8-gnu-toolchain/bin/../lib/gcc/avr/4.9.2/../../../../avr/lib/avrxmega6\libc.a(ungetc.o)
                0x0000430c                ungetc
 .text.avr-libc
                0x0000433e       0xbc c:/program files (x86)/atmel/studio/7.0/toolchain/avr8/avr8-gnu-toolchain/bin/../lib/gcc/avr/4.9.2/../../../../avr/lib/avrxmega6\libc.a(ultoa_invert.o)
                0x0000433e                __ultoa_invert
 .text.avr-libc
                0x000043fa        0x6 c:/program files (x86)/atmel/studio/7.0/toolchain/avr8/avr8-gnu-toolchain/bin/../lib/gcc/avr/4.9.2/../../../../avr/lib/avrxmega6\libc.a(cty_isfalse.o)
                0x000043fa                __ctype_isfalse
                0x000043fe                __ctype_istrue
                0x00004400                . = ALIGN (0x2)
 *(.fini9)
 .fini9         0x00004400        0x0 c:/program files (x86)/atmel/studio/7.0/toolchain/avr8/avr8-gnu-toolchain/bin/../lib/gcc/avr/4.9.2/avrxmega6\libgcc.a(_exit.o)
                0x00004400                _exit
                0x00004400                exit
 *(.fini9)
 *(.fini8)
 *(.fini8)
 *(.fini7)
 *(.fini7)
 *(.fini6)
 *(.fini6)
 *(.fini5)
 *(.fini5)
 *(.fini4)
 *(.fini4)
 *(.fini3)
 *(.fini3)
 *(.fini2)
 *(.fini2)
 *(.fini1)
 *(.fini1)
 *(.fini0)
 .fini0         0x00004400        0x4 c:/program files (x86)/atmel/studio/7.0/toolchain/avr8/avr8-gnu-toolchain/bin/../lib/gcc/avr/4.9.2/avrxmega6\libgcc.a(_exit.o)
 *(.fini0)
                0x00004404                _etext = .

.data           0x00802000      0x13c load address 0x00004404
                0x00802000                PROVIDE (__data_start, .)
 *(.data)
 .data          0x00802000        0x6 c:/program files (x86)/atmel/studio/7.0/toolchain/avr8/avr8-gnu-toolchain/bin/../lib/gcc/avr/4.9.2/../../../../avr/lib/avrxmega6\libc.a(malloc.o)
                0x00802000                __malloc_heap_end
                0x00802002                __malloc_heap_start
                0x00802004                __malloc_margin
 *(.data*)
 .data.udi_api_cdc_data
                0x00802006        0xa src/asf/common/services/usb/class/cdc/device/udi_cdc.o
                0x00802006                udi_api_cdc_data
 .data.udi_api_cdc_comm
                0x00802010        0xa src/asf/common/services/usb/class/cdc/device/udi_cdc.o
                0x00802010                udi_api_cdc_comm
 .data.udc_config
                0x0080201a        0x4 src/asf/common/services/usb/class/cdc/device/udi_cdc_desc.o
                0x0080201a                udc_config
 .data.udc_config_fs
                0x0080201e        0x4 src/asf/common/services/usb/class/cdc/device/udi_cdc_desc.o
                0x0080201e                udc_config_fs
 .data.udi_apis
                0x00802022        0x4 src/asf/common/services/usb/class/cdc/device/udi_cdc_desc.o
                0x00802022                udi_apis
 .data.udc_desc_fs
                0x00802026       0x44 src/asf/common/services/usb/class/cdc/device/udi_cdc_desc.o
                0x00802026                udc_desc_fs
 .data.udc_device_desc
                0x0080206a       0x12 src/asf/common/services/usb/class/cdc/device/udi_cdc_desc.o
                0x0080206a                udc_device_desc
 .data.udc_string_desc
                0x0080207c       0x14 src/asf/common/services/usb/udc/udc.o
 .data.udc_string_product_name
                0x00802090        0x4 src/asf/common/services/usb/udc/udc.o
 .data.udc_string_manufacturer_name
                0x00802094        0xa src/asf/common/services/usb/udc/udc.o
 .data.udc_string_desc_languageid
                0x0080209e        0x4 src/asf/common/services/usb/udc/udc.o
 *(.rodata)
 *(.rodata*)
 .rodata.str1.1
                0x008020a2       0x99 src/main.o
                                 0x9d (size before relaxing)
 *(.gnu.linkonce.d*)
                0x0080213c                . = ALIGN (0x2)
 *fill*         0x0080213b        0x1 
                0x0080213c                _edata = .
                0x0080213c                PROVIDE (__data_end, .)

.bss            0x0080213c      0x6d4
                0x0080213c                PROVIDE (__bss_start, .)
 *(.bss)
 *(.bss*)
 .bss.udi_cdc_tx_both_buf_to_send
                0x0080213c        0x1 src/asf/common/services/usb/class/cdc/device/udi_cdc.o
 .bss.udi_cdc_tx_trans_ongoing
                0x0080213d        0x1 src/asf/common/services/usb/class/cdc/device/udi_cdc.o
 .bss.udi_cdc_tx_sof_num
                0x0080213e        0x2 src/asf/common/services/usb/class/cdc/device/udi_cdc.o
 .bss.udi_cdc_tx_buf_sel
                0x00802140        0x1 src/asf/common/services/usb/class/cdc/device/udi_cdc.o
 .bss.udi_cdc_tx_buf_nb
                0x00802141        0x4 src/asf/common/services/usb/class/cdc/device/udi_cdc.o
 *fill*         0x00802145        0x1 
 .bss.udi_cdc_tx_buf
                0x00802146      0x280 src/asf/common/services/usb/class/cdc/device/udi_cdc.o
 .bss.udi_cdc_rx_trans_ongoing
                0x008023c6        0x1 src/asf/common/services/usb/class/cdc/device/udi_cdc.o
 .bss.udi_cdc_rx_pos
                0x008023c7        0x2 src/asf/common/services/usb/class/cdc/device/udi_cdc.o
 .bss.udi_cdc_rx_buf_sel
                0x008023c9        0x1 src/asf/common/services/usb/class/cdc/device/udi_cdc.o
 .bss.udi_cdc_rx_buf_nb
                0x008023ca        0x4 src/asf/common/services/usb/class/cdc/device/udi_cdc.o
 .bss.udi_cdc_rx_buf
                0x008023ce      0x280 src/asf/common/services/usb/class/cdc/device/udi_cdc.o
 .bss.udi_cdc_data_running
                0x0080264e        0x1 src/asf/common/services/usb/class/cdc/device/udi_cdc.o
 .bss.udi_cdc_nb_data_enabled
                0x0080264f        0x1 src/asf/common/services/usb/class/cdc/device/udi_cdc.o
 .bss.udi_cdc_nb_comm_enabled
                0x00802650        0x1 src/asf/common/services/usb/class/cdc/device/udi_cdc.o
 *fill*         0x00802651        0x1 
 .bss.uid_cdc_state_msg
                0x00802652        0xa src/asf/common/services/usb/class/cdc/device/udi_cdc.o
 .bss.udi_cdc_state
                0x0080265c        0x2 src/asf/common/services/usb/class/cdc/device/udi_cdc.o
 .bss.udi_cdc_line_coding
                0x0080265e        0x7 src/asf/common/services/usb/class/cdc/device/udi_cdc.o
 .bss.udc_ep_status.4769
                0x00802665        0x2 src/asf/common/services/usb/udc/udc.o
 .bss.udc_iface_setting.4827
                0x00802667        0x1 src/asf/common/services/usb/udc/udc.o
 .bss.udc_ptr_iface
                0x00802668        0x2 src/asf/common/services/usb/udc/udc.o
 .bss.udc_ptr_conf
                0x0080266a        0x2 src/asf/common/services/usb/udc/udc.o
 .bss.udc_num_configuration
                0x0080266c        0x1 src/asf/common/services/usb/udc/udc.o
 .bss.udc_device_status
                0x0080266d        0x2 src/asf/common/services/usb/udc/udc.o
 .bss.stdio_usb_interface_enable
                0x0080266f        0x1 src/asf/common/utils/stdio/stdio_usb/stdio_usb.o
 .bss.tc_tcf0_ccd_callback
                0x00802670        0x2 src/asf/xmega/drivers/tc/tc.o
 .bss.tc_tcf0_ccc_callback
                0x00802672        0x2 src/asf/xmega/drivers/tc/tc.o
 .bss.tc_tcf0_ccb_callback
                0x00802674        0x2 src/asf/xmega/drivers/tc/tc.o
 .bss.tc_tcf0_cca_callback
                0x00802676        0x2 src/asf/xmega/drivers/tc/tc.o
 .bss.tc_tcf0_err_callback
                0x00802678        0x2 src/asf/xmega/drivers/tc/tc.o
 .bss.tc_tcf0_ovf_callback
                0x0080267a        0x2 src/asf/xmega/drivers/tc/tc.o
 .bss.tc_tce1_ccb_callback
                0x0080267c        0x2 src/asf/xmega/drivers/tc/tc.o
 .bss.tc_tce1_cca_callback
                0x0080267e        0x2 src/asf/xmega/drivers/tc/tc.o
 .bss.tc_tce1_err_callback
                0x00802680        0x2 src/asf/xmega/drivers/tc/tc.o
 .bss.tc_tce1_ovf_callback
                0x00802682        0x2 src/asf/xmega/drivers/tc/tc.o
 .bss.tc_tce0_ccd_callback
                0x00802684        0x2 src/asf/xmega/drivers/tc/tc.o
 .bss.tc_tce0_ccc_callback
                0x00802686        0x2 src/asf/xmega/drivers/tc/tc.o
 .bss.tc_tce0_ccb_callback
                0x00802688        0x2 src/asf/xmega/drivers/tc/tc.o
 .bss.tc_tce0_cca_callback
                0x0080268a        0x2 src/asf/xmega/drivers/tc/tc.o
 .bss.tc_tce0_err_callback
                0x0080268c        0x2 src/asf/xmega/drivers/tc/tc.o
 .bss.tc_tce0_ovf_callback
                0x0080268e        0x2 src/asf/xmega/drivers/tc/tc.o
 .bss.tc_tcd1_ccb_callback
                0x00802690        0x2 src/asf/xmega/drivers/tc/tc.o
 .bss.tc_tcd1_cca_callback
                0x00802692        0x2 src/asf/xmega/drivers/tc/tc.o
 .bss.tc_tcd1_err_callback
                0x00802694        0x2 src/asf/xmega/drivers/tc/tc.o
 .bss.tc_tcd1_ovf_callback
                0x00802696        0x2 src/asf/xmega/drivers/tc/tc.o
 .bss.tc_tcd0_ccd_callback
                0x00802698        0x2 src/asf/xmega/drivers/tc/tc.o
 .bss.tc_tcd0_ccc_callback
                0x0080269a        0x2 src/asf/xmega/drivers/tc/tc.o
 .bss.tc_tcd0_ccb_callback
                0x0080269c        0x2 src/asf/xmega/drivers/tc/tc.o
 .bss.tc_tcd0_cca_callback
                0x0080269e        0x2 src/asf/xmega/drivers/tc/tc.o
 .bss.tc_tcd0_err_callback
                0x008026a0        0x2 src/asf/xmega/drivers/tc/tc.o
 .bss.tc_tcd0_ovf_callback
                0x008026a2        0x2 src/asf/xmega/drivers/tc/tc.o
 .bss.tc_tcc1_ccb_callback
                0x008026a4        0x2 src/asf/xmega/drivers/tc/tc.o
 .bss.tc_tcc1_cca_callback
                0x008026a6        0x2 src/asf/xmega/drivers/tc/tc.o
 .bss.tc_tcc1_err_callback
                0x008026a8        0x2 src/asf/xmega/drivers/tc/tc.o
 .bss.tc_tcc1_ovf_callback
                0x008026aa        0x2 src/asf/xmega/drivers/tc/tc.o
 .bss.tc_tcc0_ccd_callback
                0x008026ac        0x2 src/asf/xmega/drivers/tc/tc.o
 .bss.tc_tcc0_ccc_callback
                0x008026ae        0x2 src/asf/xmega/drivers/tc/tc.o
 .bss.tc_tcc0_ccb_callback
                0x008026b0        0x2 src/asf/xmega/drivers/tc/tc.o
 .bss.tc_tcc0_cca_callback
                0x008026b2        0x2 src/asf/xmega/drivers/tc/tc.o
 .bss.tc_tcc0_err_callback
                0x008026b4        0x2 src/asf/xmega/drivers/tc/tc.o
 .bss.tc_tcc0_ovf_callback
                0x008026b6        0x2 src/asf/xmega/drivers/tc/tc.o
 .bss.b_shortpacket.5493
                0x008026b8        0x1 src/asf/xmega/drivers/usb/usb_device.o
 .bss.udd_ep_out_cache_buffer
                0x008026b9       0x80 src/asf/xmega/drivers/usb/usb_device.o
 .bss.udd_ep_job
                0x00802739       0x24 src/asf/xmega/drivers/usb/usb_device.o
 .bss.udd_ctrl_buffer
                0x0080275d       0x40 src/asf/xmega/drivers/usb/usb_device.o
 .bss.udd_ctrl_payload_nb_trans
                0x0080279d        0x2 src/asf/xmega/drivers/usb/usb_device.o
 .bss.udd_ctrl_prev_payload_nb_trans
                0x0080279f        0x2 src/asf/xmega/drivers/usb/usb_device.o
 .bss.udd_ep_control_state
                0x008027a1        0x1 src/asf/xmega/drivers/usb/usb_device.o
 *fill*         0x008027a2        0x2 
 .bss.udd_sram  0x008027a4       0x40 src/asf/xmega/drivers/usb/usb_device.o
 .bss.udd_b_idle
                0x008027e4        0x1 src/asf/xmega/drivers/usb/usb_device.o
 .bss.f_angular_speed_setting
                0x008027e5        0x2 src/main.o
                0x008027e5                f_angular_speed_setting
 .bss.f_linear_speed_setting
                0x008027e7        0x2 src/main.o
                0x008027e7                f_linear_speed_setting
 *(COMMON)
 COMMON         0x008027e9        0x6 src/asf/common/services/sleepmgr/xmega/sleepmgr.o
                0x008027e9                sleepmgr_locks
 COMMON         0x008027ef        0x2 src/asf/common/utils/stdio/read.o
                0x008027ef                ptr_get
 COMMON         0x008027f1        0x4 src/asf/common/utils/stdio/write.o
                0x008027f1                ptr_put
                0x008027f3                stdio_base
 COMMON         0x008027f5       0x10 src/asf/xmega/drivers/usb/usb_device.o
                0x008027f5                udd_g_ctrlreq
 COMMON         0x00802805        0x1 src/main.o
                0x00802805                f_rx_state
 COMMON         0x00802806        0x6 c:/program files (x86)/atmel/studio/7.0/toolchain/avr8/avr8-gnu-toolchain/bin/../lib/gcc/avr/4.9.2/../../../../avr/lib/avrxmega6\libc.a(iob.o)
                0x00802806                __iob
 COMMON         0x0080280c        0x4 c:/program files (x86)/atmel/studio/7.0/toolchain/avr8/avr8-gnu-toolchain/bin/../lib/gcc/avr/4.9.2/../../../../avr/lib/avrxmega6\libc.a(malloc.o)
                0x0080280c                __brkval
                0x0080280e                __flp
                0x00802810                PROVIDE (__bss_end, .)
                0x00004404                __data_load_start = LOADADDR (.data)
                0x00004540                __data_load_end = (__data_load_start + SIZEOF (.data))

.noinit         0x00802810        0x0
                0x00802810                PROVIDE (__noinit_start, .)
 *(.noinit*)
                0x00802810                PROVIDE (__noinit_end, .)
                0x00802810                _end = .
                0x00802810                PROVIDE (__heap_start, .)

.eeprom         0x00810000        0x0
 *(.eeprom*)
                0x00810000                __eeprom_end = .

.fuse
 *(.fuse)
 *(.lfuse)
 *(.hfuse)
 *(.efuse)

.lock
 *(.lock*)

.signature
 *(.signature*)

.user_signatures
 *(.user_signatures*)

.stab
 *(.stab)

.stabstr
 *(.stabstr)

.stab.excl
 *(.stab.excl)

.stab.exclstr
 *(.stab.exclstr)

.stab.index
 *(.stab.index)

.stab.indexstr
 *(.stab.indexstr)

.comment        0x00000000       0x5c
 *(.comment)
 .comment       0x00000000       0x30 src/asf/common/services/clock/xmega/sysclk.o
                                 0x31 (size before relaxing)
 .comment       0x00000030       0x31 src/asf/common/services/ioport/xmega/ioport_compat.o
 .comment       0x00000030       0x31 src/asf/common/services/sleepmgr/xmega/sleepmgr.o
 .comment       0x00000030       0x31 src/asf/common/services/usb/class/cdc/device/udi_cdc.o
 .comment       0x00000030       0x31 src/asf/common/services/usb/class/cdc/device/udi_cdc_desc.o
 .comment       0x00000030       0x31 src/asf/common/services/usb/udc/udc.o
 .comment       0x00000030       0x31 src/asf/common/utils/stdio/read.o
 .comment       0x00000030       0x31 src/asf/common/utils/stdio/stdio_usb/stdio_usb.o
 .comment       0x00000030       0x31 src/asf/common/utils/stdio/write.o
 .comment       0x00000030       0x31 src/asf/xmega/boards/xmega_a3bu_xplained/init.o
 .comment       0x00000030       0x31 src/asf/xmega/drivers/tc/tc.o
 .comment       0x00000030       0x31 src/asf/xmega/drivers/usb/usb_device.o
 .comment       0x00000030       0x31 src/main.o
 .comment       0x00000030       0x31 c:/program files (x86)/atmel/studio/7.0/toolchain/avr8/avr8-gnu-toolchain/bin/../lib/gcc/avr/4.9.2/../../../../avr/lib/avrxmega6\libc.a(fdevopen.o)
 .comment       0x00000030       0x31 c:/program files (x86)/atmel/studio/7.0/toolchain/avr8/avr8-gnu-toolchain/bin/../lib/gcc/avr/4.9.2/../../../../avr/lib/avrxmega6\libc.a(iob.o)
 .comment       0x00000030       0x31 c:/program files (x86)/atmel/studio/7.0/toolchain/avr8/avr8-gnu-toolchain/bin/../lib/gcc/avr/4.9.2/../../../../avr/lib/avrxmega6\libc.a(printf.o)
 .comment       0x00000030       0x31 c:/program files (x86)/atmel/studio/7.0/toolchain/avr8/avr8-gnu-toolchain/bin/../lib/gcc/avr/4.9.2/../../../../avr/lib/avrxmega6\libc.a(scanf.o)
 .comment       0x00000030       0x2c c:/program files (x86)/atmel/studio/7.0/toolchain/avr8/avr8-gnu-toolchain/bin/../lib/gcc/avr/4.9.2/../../../../avr/lib/avrxmega6\libc.a(vfprintf_std.o)
                                 0x2d (size before relaxing)
 .comment       0x0000005c       0x2d c:/program files (x86)/atmel/studio/7.0/toolchain/avr8/avr8-gnu-toolchain/bin/../lib/gcc/avr/4.9.2/../../../../avr/lib/avrxmega6\libc.a(vfscanf_std.o)
 .comment       0x0000005c       0x31 c:/program files (x86)/atmel/studio/7.0/toolchain/avr8/avr8-gnu-toolchain/bin/../lib/gcc/avr/4.9.2/../../../../avr/lib/avrxmega6\libc.a(calloc.o)
 .comment       0x0000005c       0x31 c:/program files (x86)/atmel/studio/7.0/toolchain/avr8/avr8-gnu-toolchain/bin/../lib/gcc/avr/4.9.2/../../../../avr/lib/avrxmega6\libc.a(malloc.o)
 .comment       0x0000005c       0x31 c:/program files (x86)/atmel/studio/7.0/toolchain/avr8/avr8-gnu-toolchain/bin/../lib/gcc/avr/4.9.2/../../../../avr/lib/avrxmega6\libc.a(fgetc.o)
 .comment       0x0000005c       0x31 c:/program files (x86)/atmel/studio/7.0/toolchain/avr8/avr8-gnu-toolchain/bin/../lib/gcc/avr/4.9.2/../../../../avr/lib/avrxmega6\libc.a(fputc.o)
 .comment       0x0000005c       0x31 c:/program files (x86)/atmel/studio/7.0/toolchain/avr8/avr8-gnu-toolchain/bin/../lib/gcc/avr/4.9.2/../../../../avr/lib/avrxmega6\libc.a(ungetc.o)

.note.gnu.avr.deviceinfo
                0x00000000       0x44
 .note.gnu.avr.deviceinfo
                0x00000000       0x44 C:/Program Files (x86)/Atmel/Studio/7.0/Packs/atmel/XMEGAA_DFP/1.0.38/gcc/dev/atxmega256a3bu/avrxmega6/crtatxmega256a3bu.o

.note.gnu.build-id
 *(.note.gnu.build-id)

.debug
 *(.debug)

.line
 *(.line)

.debug_srcinfo
 *(.debug_srcinfo)

.debug_sfnames
 *(.debug_sfnames)

.debug_aranges  0x00000000      0x650
 *(.debug_aranges)
 .debug_aranges
                0x00000000       0x40 src/asf/common/services/clock/xmega/sysclk.o
 .debug_aranges
                0x00000040       0x20 src/asf/common/services/ioport/xmega/ioport_compat.o
 .debug_aranges
                0x00000060       0x18 src/asf/common/services/sleepmgr/xmega/sleepmgr.o
 .debug_aranges
                0x00000078      0x148 src/asf/common/services/usb/class/cdc/device/udi_cdc.o
 .debug_aranges
                0x000001c0       0x18 src/asf/common/services/usb/class/cdc/device/udi_cdc_desc.o
 .debug_aranges
                0x000001d8       0x70 src/asf/common/services/usb/udc/udc.o
 .debug_aranges
                0x00000248       0x20 src/asf/common/utils/stdio/read.o
 .debug_aranges
                0x00000268       0x48 src/asf/common/utils/stdio/stdio_usb/stdio_usb.o
 .debug_aranges
                0x000002b0       0x20 src/asf/common/utils/stdio/write.o
 .debug_aranges
                0x000002d0       0x20 src/asf/xmega/boards/xmega_a3bu_xplained/init.o
 .debug_aranges
                0x000002f0       0x20 src/asf/xmega/drivers/cpu/ccp.o
 .debug_aranges
                0x00000310       0x28 src/asf/xmega/drivers/nvm/nvm_asm.o
 .debug_aranges
                0x00000338      0x178 src/asf/xmega/drivers/tc/tc.o
 .debug_aranges
                0x000004b0      0x120 src/asf/xmega/drivers/usb/usb_device.o
 .debug_aranges
                0x000005d0       0x80 src/main.o

.debug_pubnames
 *(.debug_pubnames)

.debug_info     0x00000000     0xa3c4
 *(.debug_info .gnu.linkonce.wi.*)
 .debug_info    0x00000000      0xc3f src/asf/common/services/clock/xmega/sysclk.o
 .debug_info    0x00000c3f      0x11d src/asf/common/services/ioport/xmega/ioport_compat.o
 .debug_info    0x00000d5c      0x121 src/asf/common/services/sleepmgr/xmega/sleepmgr.o
 .debug_info    0x00000e7d     0x16bd src/asf/common/services/usb/class/cdc/device/udi_cdc.o
 .debug_info    0x0000253a      0x751 src/asf/common/services/usb/class/cdc/device/udi_cdc_desc.o
 .debug_info    0x00002c8b     0x1077 src/asf/common/services/usb/udc/udc.o
 .debug_info    0x00003d02      0x119 src/asf/common/utils/stdio/read.o
 .debug_info    0x00003e1b      0x411 src/asf/common/utils/stdio/stdio_usb/stdio_usb.o
 .debug_info    0x0000422c      0x119 src/asf/common/utils/stdio/write.o
 .debug_info    0x00004345      0xa6d src/asf/xmega/boards/xmega_a3bu_xplained/init.o
 .debug_info    0x00004db2       0x9d src/asf/xmega/drivers/cpu/ccp.o
 .debug_info    0x00004e4f       0x9d src/asf/xmega/drivers/nvm/nvm_asm.o
 .debug_info    0x00004eec     0x1943 src/asf/xmega/drivers/tc/tc.o
 .debug_info    0x0000682f     0x1dd0 src/asf/xmega/drivers/usb/usb_device.o
 .debug_info    0x000085ff     0x1dc5 src/main.o

.debug_abbrev   0x00000000     0x1e9a
 *(.debug_abbrev)
 .debug_abbrev  0x00000000      0x2da src/asf/common/services/clock/xmega/sysclk.o
 .debug_abbrev  0x000002da       0x93 src/asf/common/services/ioport/xmega/ioport_compat.o
 .debug_abbrev  0x0000036d       0x80 src/asf/common/services/sleepmgr/xmega/sleepmgr.o
 .debug_abbrev  0x000003ed      0x3b9 src/asf/common/services/usb/class/cdc/device/udi_cdc.o
 .debug_abbrev  0x000007a6       0xef src/asf/common/services/usb/class/cdc/device/udi_cdc_desc.o
 .debug_abbrev  0x00000895      0x3b1 src/asf/common/services/usb/udc/udc.o
 .debug_abbrev  0x00000c46       0xc5 src/asf/common/utils/stdio/read.o
 .debug_abbrev  0x00000d0b      0x26b src/asf/common/utils/stdio/stdio_usb/stdio_usb.o
 .debug_abbrev  0x00000f76       0xa7 src/asf/common/utils/stdio/write.o
 .debug_abbrev  0x0000101d      0x160 src/asf/xmega/boards/xmega_a3bu_xplained/init.o
 .debug_abbrev  0x0000117d       0x14 src/asf/xmega/drivers/cpu/ccp.o
 .debug_abbrev  0x00001191       0x12 src/asf/xmega/drivers/nvm/nvm_asm.o
 .debug_abbrev  0x000011a3      0x2a7 src/asf/xmega/drivers/tc/tc.o
 .debug_abbrev  0x0000144a      0x5c3 src/asf/xmega/drivers/usb/usb_device.o
 .debug_abbrev  0x00001a0d      0x48d src/main.o

.debug_line     0x00000000     0x738f
 *(.debug_line .debug_line.* .debug_line_end)
 .debug_line    0x00000000      0x733 src/asf/common/services/clock/xmega/sysclk.o
 .debug_line    0x00000733      0x4b4 src/asf/common/services/ioport/xmega/ioport_compat.o
 .debug_line    0x00000be7      0x457 src/asf/common/services/sleepmgr/xmega/sleepmgr.o
 .debug_line    0x0000103e      0xe08 src/asf/common/services/usb/class/cdc/device/udi_cdc.o
 .debug_line    0x00001e46      0x51f src/asf/common/services/usb/class/cdc/device/udi_cdc_desc.o
 .debug_line    0x00002365      0xa22 src/asf/common/services/usb/udc/udc.o
 .debug_line    0x00002d87      0x3d4 src/asf/common/utils/stdio/read.o
 .debug_line    0x0000315b      0x617 src/asf/common/utils/stdio/stdio_usb/stdio_usb.o
 .debug_line    0x00003772      0x3db src/asf/common/utils/stdio/write.o
 .debug_line    0x00003b4d      0x4df src/asf/xmega/boards/xmega_a3bu_xplained/init.o
 .debug_line    0x0000402c       0x6e src/asf/xmega/drivers/cpu/ccp.o
 .debug_line    0x0000409a      0x11f src/asf/xmega/drivers/nvm/nvm_asm.o
 .debug_line    0x000041b9      0xea2 src/asf/xmega/drivers/tc/tc.o
 .debug_line    0x0000505b     0x14da src/asf/xmega/drivers/usb/usb_device.o
 .debug_line    0x00006535      0xe5a src/main.o

.debug_frame    0x00000000     0x1958
 *(.debug_frame)
 .debug_frame   0x00000000       0x80 src/asf/common/services/clock/xmega/sysclk.o
 .debug_frame   0x00000080       0x30 src/asf/common/services/ioport/xmega/ioport_compat.o
 .debug_frame   0x000000b0      0x360 src/asf/common/services/usb/class/cdc/device/udi_cdc.o
 .debug_frame   0x00000410      0x114 src/asf/common/services/usb/udc/udc.o
 .debug_frame   0x00000524       0x34 src/asf/common/utils/stdio/read.o
 .debug_frame   0x00000558       0x80 src/asf/common/utils/stdio/stdio_usb/stdio_usb.o
 .debug_frame   0x000005d8       0x24 src/asf/common/utils/stdio/write.o
 .debug_frame   0x000005fc       0x24 src/asf/xmega/boards/xmega_a3bu_xplained/init.o
 .debug_frame   0x00000620      0xd04 src/asf/xmega/drivers/tc/tc.o
 .debug_frame   0x00001324      0x3d8 src/asf/xmega/drivers/usb/usb_device.o
 .debug_frame   0x000016fc      0x25c src/main.o

.debug_str      0x00000000    0x33675
 *(.debug_str)
 .debug_str     0x00000000    0x2832f src/asf/common/services/clock/xmega/sysclk.o
                              0x28b0f (size before relaxing)
 .debug_str     0x0002832f      0x683 src/asf/common/services/ioport/xmega/ioport_compat.o
                              0x26495 (size before relaxing)
 .debug_str     0x000289b2      0x3b7 src/asf/common/services/sleepmgr/xmega/sleepmgr.o
                              0x261de (size before relaxing)
 .debug_str     0x00028d69     0x4b69 src/asf/common/services/usb/class/cdc/device/udi_cdc.o
                              0x2aa63 (size before relaxing)
 .debug_str     0x0002d8d2      0x584 src/asf/common/services/usb/class/cdc/device/udi_cdc_desc.o
                              0x2a121 (size before relaxing)
 .debug_str     0x0002de56      0x7b6 src/asf/common/services/usb/udc/udc.o
                              0x2a6be (size before relaxing)
 .debug_str     0x0002e60c       0x3e src/asf/common/utils/stdio/read.o
                              0x25e39 (size before relaxing)
 .debug_str     0x0002e64a      0x126 src/asf/common/utils/stdio/stdio_usb/stdio_usb.o
                              0x29cb6 (size before relaxing)
 .debug_str     0x0002e770       0x2d src/asf/common/utils/stdio/write.o
                              0x25e3b (size before relaxing)
 .debug_str     0x0002e79d      0x25d src/asf/xmega/boards/xmega_a3bu_xplained/init.o
                              0x27f1a (size before relaxing)
 .debug_str     0x0002e9fa      0xa6d src/asf/xmega/drivers/tc/tc.o
                              0x29008 (size before relaxing)
 .debug_str     0x0002f467     0x34c9 src/asf/xmega/drivers/usb/usb_device.o
                              0x3029d (size before relaxing)
 .debug_str     0x00032930      0xd45 src/main.o
                              0x2ddb1 (size before relaxing)

.debug_loc      0x00000000     0x544e
 *(.debug_loc)
 .debug_loc     0x00000000      0x255 src/asf/common/services/clock/xmega/sysclk.o
 .debug_loc     0x00000255       0x66 src/asf/common/services/ioport/xmega/ioport_compat.o
 .debug_loc     0x000002bb      0xda1 src/asf/common/services/usb/class/cdc/device/udi_cdc.o
 .debug_loc     0x0000105c      0x490 src/asf/common/services/usb/udc/udc.o
 .debug_loc     0x000014ec       0x6e src/asf/common/utils/stdio/read.o
 .debug_loc     0x0000155a      0x12b src/asf/common/utils/stdio/stdio_usb/stdio_usb.o
 .debug_loc     0x00001685       0x52 src/asf/common/utils/stdio/write.o
 .debug_loc     0x000016d7     0x1ec6 src/asf/xmega/drivers/tc/tc.o
 .debug_loc     0x0000359d     0x11f9 src/asf/xmega/drivers/usb/usb_device.o
 .debug_loc     0x00004796      0xcb8 src/main.o

.debug_macinfo
 *(.debug_macinfo)

.debug_weaknames
 *(.debug_weaknames)

.debug_funcnames
 *(.debug_funcnames)

.debug_typenames
 *(.debug_typenames)

.debug_varnames
 *(.debug_varnames)

.debug_pubtypes
 *(.debug_pubtypes)

.debug_ranges   0x00000000      0x608
 *(.debug_ranges)
 .debug_ranges  0x00000000       0x30 src/asf/common/services/clock/xmega/sysclk.o
 .debug_ranges  0x00000030       0x10 src/asf/common/services/ioport/xmega/ioport_compat.o
 .debug_ranges  0x00000040      0x138 src/asf/common/services/usb/class/cdc/device/udi_cdc.o
 .debug_ranges  0x00000178       0x78 src/asf/common/services/usb/udc/udc.o
 .debug_ranges  0x000001f0       0x10 src/asf/common/utils/stdio/read.o
 .debug_ranges  0x00000200       0x38 src/asf/common/utils/stdio/stdio_usb/stdio_usb.o
 .debug_ranges  0x00000238       0x10 src/asf/common/utils/stdio/write.o
 .debug_ranges  0x00000248       0x10 src/asf/xmega/boards/xmega_a3bu_xplained/init.o
 .debug_ranges  0x00000258       0x20 src/asf/xmega/drivers/nvm/nvm_asm.o
 .debug_ranges  0x00000278      0x168 src/asf/xmega/drivers/tc/tc.o
 .debug_ranges  0x000003e0      0x140 src/asf/xmega/drivers/usb/usb_device.o
 .debug_ranges  0x00000520       0xe8 src/main.o

.debug_macro    0x00000000     0xbeba
 *(.debug_macro)
 .debug_macro   0x00000000      0x1db src/asf/common/services/clock/xmega/sysclk.o
 .debug_macro   0x000001db      0xa90 src/asf/common/services/clock/xmega/sysclk.o
 .debug_macro   0x00000c6b       0x10 src/asf/common/services/clock/xmega/sysclk.o
 .debug_macro   0x00000c7b      0x1ad src/asf/common/services/clock/xmega/sysclk.o
 .debug_macro   0x00000e28      0x293 src/asf/common/services/clock/xmega/sysclk.o
 .debug_macro   0x000010bb       0x9e src/asf/common/services/clock/xmega/sysclk.o
 .debug_macro   0x00001159     0x5e34 src/asf/common/services/clock/xmega/sysclk.o
 .debug_macro   0x00006f8d       0x9a src/asf/common/services/clock/xmega/sysclk.o
 .debug_macro   0x00007027       0xf1 src/asf/common/services/clock/xmega/sysclk.o
 .debug_macro   0x00007118       0x34 src/asf/common/services/clock/xmega/sysclk.o
 .debug_macro   0x0000714c       0x10 src/asf/common/services/clock/xmega/sysclk.o
 .debug_macro   0x0000715c       0x18 src/asf/common/services/clock/xmega/sysclk.o
 .debug_macro   0x00007174       0x5e src/asf/common/services/clock/xmega/sysclk.o
 .debug_macro   0x000071d2       0x10 src/asf/common/services/clock/xmega/sysclk.o
 .debug_macro   0x000071e2       0x22 src/asf/common/services/clock/xmega/sysclk.o
 .debug_macro   0x00007204      0x166 src/asf/common/services/clock/xmega/sysclk.o
 .debug_macro   0x0000736a       0x1c src/asf/common/services/clock/xmega/sysclk.o
 .debug_macro   0x00007386       0x35 src/asf/common/services/clock/xmega/sysclk.o
 .debug_macro   0x000073bb       0x66 src/asf/common/services/clock/xmega/sysclk.o
 .debug_macro   0x00007421      0x4d1 src/asf/common/services/clock/xmega/sysclk.o
 .debug_macro   0x000078f2       0x97 src/asf/common/services/clock/xmega/sysclk.o
 .debug_macro   0x00007989       0x17 src/asf/common/services/clock/xmega/sysclk.o
 .debug_macro   0x000079a0      0x250 src/asf/common/services/clock/xmega/sysclk.o
 .debug_macro   0x00007bf0       0x76 src/asf/common/services/clock/xmega/sysclk.o
 .debug_macro   0x00007c66       0x16 src/asf/common/services/clock/xmega/sysclk.o
 .debug_macro   0x00007c7c      0x6e3 src/asf/common/services/clock/xmega/sysclk.o
 .debug_macro   0x0000835f       0x10 src/asf/common/services/clock/xmega/sysclk.o
 .debug_macro   0x0000836f      0x175 src/asf/common/services/clock/xmega/sysclk.o
 .debug_macro   0x000084e4       0x40 src/asf/common/services/clock/xmega/sysclk.o
 .debug_macro   0x00008524       0x69 src/asf/common/services/clock/xmega/sysclk.o
 .debug_macro   0x0000858d       0x32 src/asf/common/services/clock/xmega/sysclk.o
 .debug_macro   0x000085bf       0xe4 src/asf/common/services/clock/xmega/sysclk.o
 .debug_macro   0x000086a3       0x2e src/asf/common/services/clock/xmega/sysclk.o
 .debug_macro   0x000086d1      0x248 src/asf/common/services/clock/xmega/sysclk.o
 .debug_macro   0x00008919      0x303 src/asf/common/services/clock/xmega/sysclk.o
 .debug_macro   0x00008c1c       0x7b src/asf/common/services/clock/xmega/sysclk.o
 .debug_macro   0x00008c97       0x2f src/asf/common/services/clock/xmega/sysclk.o
 .debug_macro   0x00008cc6      0x154 src/asf/common/services/clock/xmega/sysclk.o
 .debug_macro   0x00008e1a       0x26 src/asf/common/services/clock/xmega/sysclk.o
 .debug_macro   0x00008e40      0x193 src/asf/common/services/ioport/xmega/ioport_compat.o
 .debug_macro   0x00008fd3       0x82 src/asf/common/services/ioport/xmega/ioport_compat.o
 .debug_macro   0x00009055      0x109 src/asf/common/services/ioport/xmega/ioport_compat.o
 .debug_macro   0x0000915e      0x1a3 src/asf/common/services/sleepmgr/xmega/sleepmgr.o
 .debug_macro   0x00009301       0x42 src/asf/common/services/sleepmgr/xmega/sleepmgr.o
 .debug_macro   0x00009343       0x10 src/asf/common/services/sleepmgr/xmega/sleepmgr.o
 .debug_macro   0x00009353      0x2c7 src/asf/common/services/usb/class/cdc/device/udi_cdc.o
 .debug_macro   0x0000961a       0x88 src/asf/common/services/usb/class/cdc/device/udi_cdc.o
 .debug_macro   0x000096a2      0x225 src/asf/common/services/usb/class/cdc/device/udi_cdc.o
 .debug_macro   0x000098c7       0xf2 src/asf/common/services/usb/class/cdc/device/udi_cdc.o
 .debug_macro   0x000099b9       0x58 src/asf/common/services/usb/class/cdc/device/udi_cdc.o
 .debug_macro   0x00009a11       0x10 src/asf/common/services/usb/class/cdc/device/udi_cdc.o
 .debug_macro   0x00009a21       0xeb src/asf/common/services/usb/class/cdc/device/udi_cdc.o
 .debug_macro   0x00009b0c      0x233 src/asf/common/services/usb/class/cdc/device/udi_cdc.o
 .debug_macro   0x00009d3f       0xbb src/asf/common/services/usb/class/cdc/device/udi_cdc.o
 .debug_macro   0x00009dfa       0x16 src/asf/common/services/usb/class/cdc/device/udi_cdc.o
 .debug_macro   0x00009e10       0x22 src/asf/common/services/usb/class/cdc/device/udi_cdc.o
 .debug_macro   0x00009e32      0x190 src/asf/common/services/usb/class/cdc/device/udi_cdc.o
 .debug_macro   0x00009fc2       0x16 src/asf/common/services/usb/class/cdc/device/udi_cdc.o
 .debug_macro   0x00009fd8      0x240 src/asf/common/services/usb/class/cdc/device/udi_cdc_desc.o
 .debug_macro   0x0000a218      0x23f src/asf/common/services/usb/udc/udc.o
 .debug_macro   0x0000a457      0x16d src/asf/common/utils/stdio/read.o
 .debug_macro   0x0000a5c4      0x226 src/asf/common/utils/stdio/stdio_usb/stdio_usb.o
 .debug_macro   0x0000a7ea       0x8e src/asf/common/utils/stdio/stdio_usb/stdio_usb.o
 .debug_macro   0x0000a878      0x16d src/asf/common/utils/stdio/write.o
 .debug_macro   0x0000a9e5      0x1b5 src/asf/xmega/boards/xmega_a3bu_xplained/init.o
 .debug_macro   0x0000ab9a       0x2e src/asf/xmega/boards/xmega_a3bu_xplained/init.o
 .debug_macro   0x0000abc8      0x242 src/asf/xmega/boards/xmega_a3bu_xplained/init.o
 .debug_macro   0x0000ae0a      0x225 src/asf/xmega/drivers/tc/tc.o
 .debug_macro   0x0000b02f      0x299 src/asf/xmega/drivers/tc/tc.o
 .debug_macro   0x0000b2c8       0x12 src/asf/xmega/drivers/tc/tc.o
 .debug_macro   0x0000b2da      0x30e src/asf/xmega/drivers/usb/usb_device.o
 .debug_macro   0x0000b5e8      0x467 src/asf/xmega/drivers/usb/usb_device.o
 .debug_macro   0x0000ba4f      0x380 src/main.o
 .debug_macro   0x0000bdcf       0x34 src/main.o
 .debug_macro   0x0000be03       0x28 src/main.o
 .debug_macro   0x0000be2b       0x23 src/main.o
 .debug_macro   0x0000be4e       0x40 src/main.o
 .debug_macro   0x0000be8e       0x1c src/main.o
 .debug_macro   0x0000beaa       0x10 src/main.o
OUTPUT(mar_motor_driver.elf elf32-avr)
LOAD linker stubs

.BOOT           0x00040000        0x0
